Modules list:
-------------
vectors.o:
    VECTORS           Offs=000000  Size=000006  Align=00001  Fill=0000
main.o:
    CODE              Offs=000000  Size=00005B  Align=00001  Fill=0000
    BSS               Offs=000000  Size=000001  Align=00001  Fill=0000
    DATA              Offs=000000  Size=000002  Align=00001  Fill=0000
spi.o:
    CODE              Offs=00005B  Size=000039  Align=00001  Fill=0000
acia.o:
    CODE              Offs=000094  Size=000048  Align=00001  Fill=0000
    ZEROPAGE          Offs=000000  Size=000001  Align=00001  Fill=0000
..\library\p65.lib(condes.o):
    CODE              Offs=0000DC  Size=00000C  Align=00001  Fill=0000
    DATA              Offs=000002  Size=000025  Align=00001  Fill=0000
    ONCE              Offs=000000  Size=00000C  Align=00001  Fill=0000
..\library\p65.lib(copydata.o):
    CODE              Offs=0000E8  Size=00002D  Align=00001  Fill=0000
..\library\p65.lib(crt0.o):
    STARTUP           Offs=000000  Size=00001C  Align=00001  Fill=0000
..\library\p65.lib(incsp2.o):
    CODE              Offs=000115  Size=000015  Align=00001  Fill=0000
..\library\p65.lib(pushax.o):
    CODE              Offs=00012A  Size=00001A  Align=00001  Fill=0000
..\library\p65.lib(zerobss.o):
    CODE              Offs=000144  Size=000023  Align=00001  Fill=0000
..\library\p65.lib(zeropage.o):
    ZEROPAGE          Offs=000001  Size=00001A  Align=00001  Fill=0000


Segment list:
-------------
Name                   Start     End    Size  Align
----------------------------------------------------
ZEROPAGE              000000  00001A  00001B  00001
DATA                  000200  000226  000027  00001
BSS                   000227  000227  000001  00001
STARTUP               006027  006042  00001C  00001
ONCE                  006043  00604E  00000C  00001
CODE                  00604F  0061B5  000167  00001
VECTORS               007FFA  007FFF  000006  00001


Exports list by name:
---------------------
__BSS_RUN__               000227 RLA    __BSS_SIZE__              000001 REA    
__CONSTRUCTOR_COUNT__     000000 REA    __CONSTRUCTOR_TABLE__     006043 RLA    
__DATA_LOAD__             006000 RLA    __DATA_RUN__              000200 RLA    
__DATA_SIZE__             000027 REA    __DESTRUCTOR_COUNT__      000000 REA    
__DESTRUCTOR_TABLE__      006043 RLA    __RAM_SIZE__              005DFF REA    
__RAM_START__             000200 RLA    __STARTUP__               000001 REA    
_acia_getc                006120 RLA    _acia_putc                0060F0 RLA    
_init                     006027 RLA    _main                     00604F RLA    
_spi_write_to             0060AA RLA    copydata                  006137 RLA    
donelib                   00612B RLA    initlib                   006043 RLA    
popax                     006164 RLA    ptr1                      000009 RLZ    
ptr2                      00000B RLZ    pushax                    00617D RLA    
sp                        000001 RLZ    tmp1                      000011 RLZ    
tmp2                      000012 RLZ    tmp3                      000013 RLZ    
zerobss                   006193 RLA    


Exports list by value:
----------------------
__DESTRUCTOR_COUNT__      000000 REA    __CONSTRUCTOR_COUNT__     000000 REA    
__STARTUP__               000001 REA    sp                        000001 RLZ    
__BSS_SIZE__              000001 REA    ptr1                      000009 RLZ    
ptr2                      00000B RLZ    tmp1                      000011 RLZ    
tmp2                      000012 RLZ    tmp3                      000013 RLZ    
__DATA_SIZE__             000027 REA    __RAM_START__             000200 RLA    
__DATA_RUN__              000200 RLA    __BSS_RUN__               000227 RLA    
__RAM_SIZE__              005DFF REA    __DATA_LOAD__             006000 RLA    
_init                     006027 RLA    initlib                   006043 RLA    
__DESTRUCTOR_TABLE__      006043 RLA    __CONSTRUCTOR_TABLE__     006043 RLA    
_main                     00604F RLA    _spi_write_to             0060AA RLA    
_acia_putc                0060F0 RLA    _acia_getc                006120 RLA    
donelib                   00612B RLA    copydata                  006137 RLA    
popax                     006164 RLA    pushax                    00617D RLA    
zerobss                   006193 RLA    


Imports list:
-------------
__BSS_RUN__ ([linker generated]):
    zerobss.o                 common/zerobss.s(8)
__BSS_SIZE__ ([linker generated]):
    zerobss.o                 common/zerobss.s(8)
__CONSTRUCTOR_COUNT__ ([linker generated]):
    condes.o                  runtime/condes.s(18)
__CONSTRUCTOR_TABLE__ ([linker generated]):
    condes.o                  runtime/condes.s(18)
__DATA_LOAD__ ([linker generated]):
    copydata.o                common/copydata.s(8)
__DATA_RUN__ ([linker generated]):
    copydata.o                common/copydata.s(8)
__DATA_SIZE__ ([linker generated]):
    copydata.o                common/copydata.s(8)
__DESTRUCTOR_COUNT__ ([linker generated]):
    condes.o                  runtime/condes.s(19)
__DESTRUCTOR_TABLE__ ([linker generated]):
    condes.o                  runtime/condes.s(19)
__RAM_SIZE__ ([linker generated]):
    crt0.o                    .\src\crt0.s(11)
__RAM_START__ ([linker generated]):
    crt0.o                    .\src\crt0.s(11)
__STARTUP__ (crt0.o):
    main.o                    main.s(13)
_acia_getc (acia.o):
    main.o                    main.s(15)
_acia_putc (acia.o):
    main.o                    main.s(14)
_init (crt0.o):
    vectors.o                 vectors.asm(7)
_main (main.o):
    crt0.o                    .\src\crt0.s(8)
_spi_write_to (spi.o):
    main.o                    main.s(16)
copydata (copydata.o):
    crt0.o                    .\src\crt0.s(13)
donelib (condes.o):
    crt0.o                    .\src\crt0.s(13)
initlib (condes.o):
    crt0.o                    .\src\crt0.s(13)
popax (incsp2.o):
    spi.o                     spi.asm(3)
ptr1 (zeropage.o):
    copydata.o                common/copydata.s(9)
    zerobss.o                 common/zerobss.s(9)
    acia.o                    acia.s(9)
ptr2 (zeropage.o):
    copydata.o                common/copydata.s(9)
pushax (pushax.o):
    main.o                    main.s(78)
sp (zeropage.o):
    pushax.o                  runtime/pushax.s(8)
    incsp2.o                  runtime/incsp2.s(8)
    crt0.o                    C:\cc65\asminc/zeropage.inc(11)
tmp1 (zeropage.o):
    copydata.o                common/copydata.s(9)
    spi.o                     spi.asm(4)
tmp2 (zeropage.o):
    spi.o                     spi.asm(4)
tmp3 (zeropage.o):
    spi.o                     spi.asm(4)
zerobss (zerobss.o):
    crt0.o                    .\src\crt0.s(13)

